// Jest Snapshot v1, https://goo.gl/fbAQLP

exports[`Calculator matches snapshot 1`] = `
<div
  id="container"
>
  <div
    id="textContent"
  >
    <h1
      className="mainHeading"
    >
      Math Magicians
    </h1>
    <h2>
      Let's do some math!
    </h2>
  </div>
  <div
    id="Calculator"
  >
    <div
      id="result"
    >
      <input
        id="result"
        name="result"
        type="text"
        value={null}
      />
    </div>
    <div
      id="leftSide"
    >
      <button
        name="AC"
        onClick={[Function]}
        type="button"
      >
        AC
      </button>
      <button
        name="+/-"
        onClick={[Function]}
        type="button"
      >
        +/-
      </button>
      <button
        name="%"
        onClick={[Function]}
        type="button"
      >
        %
      </button>
      <button
        name="7"
        onClick={[Function]}
        type="button"
      >
        7
      </button>
      <button
        name="8"
        onClick={[Function]}
        type="button"
      >
        8
      </button>
      <button
        name="9"
        onClick={[Function]}
        type="button"
      >
        9
      </button>
      <button
        name="4"
        onClick={[Function]}
        type="button"
      >
        4
      </button>
      <button
        name="5"
        onClick={[Function]}
        type="button"
      >
        5
      </button>
      <button
        name="6"
        onClick={[Function]}
        type="button"
      >
        6
      </button>
      <button
        name="1"
        onClick={[Function]}
        type="button"
      >
        1
      </button>
      <button
        name="2"
        onClick={[Function]}
        type="button"
      >
        2
      </button>
      <button
        name="3"
        onClick={[Function]}
        type="button"
      >
        3
      </button>
      <button
        className="zero"
        name="0"
        onClick={[Function]}
        type="button"
      >
        0
      </button>
      <button
        name="."
        onClick={[Function]}
        type="button"
      >
        .
      </button>
    </div>
    <div
      id="rightSide"
    >
      <button
        className="divide operator"
        name="รท"
        onClick={[Function]}
        type="button"
      >
        รท
      </button>
      <button
        className="multiply operator"
        name="x"
        onClick={[Function]}
        type="button"
      >
        x
      </button>
      <button
        className="minus operator"
        name="-"
        onClick={[Function]}
        type="button"
      >
        -
      </button>
      <button
        className="plus operator"
        name="+"
        onClick={[Function]}
        type="button"
      >
        +
      </button>
      <button
        className="equal operator"
        name="="
        onClick={[Function]}
        type="button"
      >
        =
      </button>
    </div>
  </div>
</div>
`;

exports[`renders correctly 1`] = `
<div
  id="container"
>
  <div
    id="textContent"
  >
    <h1
      className="mainHeading"
    >
      Math Magicians
    </h1>
    <h2>
      Let's do some math!
    </h2>
  </div>
  <div
    id="Calculator"
  >
    <div
      id="result"
    >
      <input
        id="result"
        name="result"
        type="text"
        value={null}
      />
    </div>
    <div
      id="leftSide"
    >
      <button
        name="AC"
        onClick={[Function]}
        type="button"
      >
        AC
      </button>
      <button
        name="+/-"
        onClick={[Function]}
        type="button"
      >
        +/-
      </button>
      <button
        name="%"
        onClick={[Function]}
        type="button"
      >
        %
      </button>
      <button
        name="7"
        onClick={[Function]}
        type="button"
      >
        7
      </button>
      <button
        name="8"
        onClick={[Function]}
        type="button"
      >
        8
      </button>
      <button
        name="9"
        onClick={[Function]}
        type="button"
      >
        9
      </button>
      <button
        name="4"
        onClick={[Function]}
        type="button"
      >
        4
      </button>
      <button
        name="5"
        onClick={[Function]}
        type="button"
      >
        5
      </button>
      <button
        name="6"
        onClick={[Function]}
        type="button"
      >
        6
      </button>
      <button
        name="1"
        onClick={[Function]}
        type="button"
      >
        1
      </button>
      <button
        name="2"
        onClick={[Function]}
        type="button"
      >
        2
      </button>
      <button
        name="3"
        onClick={[Function]}
        type="button"
      >
        3
      </button>
      <button
        className="zero"
        name="0"
        onClick={[Function]}
        type="button"
      >
        0
      </button>
      <button
        name="."
        onClick={[Function]}
        type="button"
      >
        .
      </button>
    </div>
    <div
      id="rightSide"
    >
      <button
        className="divide operator"
        name="รท"
        onClick={[Function]}
        type="button"
      >
        รท
      </button>
      <button
        className="multiply operator"
        name="x"
        onClick={[Function]}
        type="button"
      >
        x
      </button>
      <button
        className="minus operator"
        name="-"
        onClick={[Function]}
        type="button"
      >
        -
      </button>
      <button
        className="plus operator"
        name="+"
        onClick={[Function]}
        type="button"
      >
        +
      </button>
      <button
        className="equal operator"
        name="="
        onClick={[Function]}
        type="button"
      >
        =
      </button>
    </div>
  </div>
</div>
`;
