// Jest Snapshot v1, https://goo.gl/fbAQLP

exports[`render button 1`] = `
<button
  type="button"
/>
`;
